------------------------------------------------------------
Timing Analyzer Summary
------------------------------------------------------------

Type  : Slow 1200mV 85C Model Setup 'CLK'
Slack : -0.811
TNS   : -0.811

Type  : Slow 1200mV 85C Model Setup 'inst'
Slack : -0.592
TNS   : -0.592

Type  : Slow 1200mV 85C Model Setup 'inst1'
Slack : -0.476
TNS   : -0.476

Type  : Slow 1200mV 85C Model Setup 'inst2'
Slack : 0.210
TNS   : 0.000

Type  : Slow 1200mV 85C Model Hold 'inst2'
Slack : 0.445
TNS   : 0.000

Type  : Slow 1200mV 85C Model Hold 'inst'
Slack : 0.550
TNS   : 0.000

Type  : Slow 1200mV 85C Model Hold 'inst1'
Slack : 0.613
TNS   : 0.000

Type  : Slow 1200mV 85C Model Hold 'CLK'
Slack : 0.638
TNS   : 0.000

Type  : Slow 1200mV 85C Model Minimum Pulse Width 'CLK'
Slack : -3.000
TNS   : -4.285

Type  : Slow 1200mV 85C Model Minimum Pulse Width 'inst'
Slack : -1.285
TNS   : -1.285

Type  : Slow 1200mV 85C Model Minimum Pulse Width 'inst1'
Slack : -1.285
TNS   : -1.285

Type  : Slow 1200mV 85C Model Minimum Pulse Width 'inst2'
Slack : -1.285
TNS   : -1.285

Type  : Slow 1200mV 0C Model Setup 'CLK'
Slack : -0.612
TNS   : -0.612

Type  : Slow 1200mV 0C Model Setup 'inst'
Slack : -0.488
TNS   : -0.488

Type  : Slow 1200mV 0C Model Setup 'inst1'
Slack : -0.378
TNS   : -0.378

Type  : Slow 1200mV 0C Model Setup 'inst2'
Slack : 0.297
TNS   : 0.000

Type  : Slow 1200mV 0C Model Hold 'inst2'
Slack : 0.398
TNS   : 0.000

Type  : Slow 1200mV 0C Model Hold 'inst'
Slack : 0.498
TNS   : 0.000

Type  : Slow 1200mV 0C Model Hold 'CLK'
Slack : 0.500
TNS   : 0.000

Type  : Slow 1200mV 0C Model Hold 'inst1'
Slack : 0.553
TNS   : 0.000

Type  : Slow 1200mV 0C Model Minimum Pulse Width 'CLK'
Slack : -3.000
TNS   : -4.285

Type  : Slow 1200mV 0C Model Minimum Pulse Width 'inst'
Slack : -1.285
TNS   : -1.285

Type  : Slow 1200mV 0C Model Minimum Pulse Width 'inst1'
Slack : -1.285
TNS   : -1.285

Type  : Slow 1200mV 0C Model Minimum Pulse Width 'inst2'
Slack : -1.285
TNS   : -1.285

Type  : Fast 1200mV 0C Model Setup 'CLK'
Slack : -0.194
TNS   : -0.194

Type  : Fast 1200mV 0C Model Setup 'inst'
Slack : -0.014
TNS   : -0.014

Type  : Fast 1200mV 0C Model Setup 'inst1'
Slack : 0.056
TNS   : 0.000

Type  : Fast 1200mV 0C Model Setup 'inst2'
Slack : 0.626
TNS   : 0.000

Type  : Fast 1200mV 0C Model Hold 'inst2'
Slack : 0.208
TNS   : 0.000

Type  : Fast 1200mV 0C Model Hold 'inst'
Slack : 0.260
TNS   : 0.000

Type  : Fast 1200mV 0C Model Hold 'inst1'
Slack : 0.275
TNS   : 0.000

Type  : Fast 1200mV 0C Model Hold 'CLK'
Slack : 0.355
TNS   : 0.000

Type  : Fast 1200mV 0C Model Minimum Pulse Width 'CLK'
Slack : -3.000
TNS   : -4.242

Type  : Fast 1200mV 0C Model Minimum Pulse Width 'inst'
Slack : -1.000
TNS   : -1.000

Type  : Fast 1200mV 0C Model Minimum Pulse Width 'inst1'
Slack : -1.000
TNS   : -1.000

Type  : Fast 1200mV 0C Model Minimum Pulse Width 'inst2'
Slack : -1.000
TNS   : -1.000

------------------------------------------------------------
