------------------------------------------------------------
Timing Analyzer Summary
------------------------------------------------------------

Type  : Slow 1200mV 85C Model Setup 'CLK'
Slack : -2.315
TNS   : -7.219

Type  : Slow 1200mV 85C Model Setup 'clock_generator:inst|clock_divider_1024:inst|inst10'
Slack : -2.248
TNS   : -6.484

Type  : Slow 1200mV 85C Model Setup 'clock_generator:inst|clock_divider_1024:inst8|inst10'
Slack : -1.831
TNS   : -3.698

Type  : Slow 1200mV 85C Model Setup 'inst3'
Slack : -0.507
TNS   : -0.507

Type  : Slow 1200mV 85C Model Setup 'clock_generator:inst|inst7'
Slack : -0.246
TNS   : -0.246

Type  : Slow 1200mV 85C Model Setup 'inst4'
Slack : 0.210
TNS   : 0.000

Type  : Slow 1200mV 85C Model Hold 'clock_generator:inst|inst7'
Slack : 0.323
TNS   : 0.000

Type  : Slow 1200mV 85C Model Hold 'CLK'
Slack : 0.401
TNS   : 0.000

Type  : Slow 1200mV 85C Model Hold 'clock_generator:inst|clock_divider_1024:inst|inst10'
Slack : 0.402
TNS   : 0.000

Type  : Slow 1200mV 85C Model Hold 'clock_generator:inst|clock_divider_1024:inst8|inst10'
Slack : 0.406
TNS   : 0.000

Type  : Slow 1200mV 85C Model Hold 'inst4'
Slack : 0.445
TNS   : 0.000

Type  : Slow 1200mV 85C Model Hold 'inst3'
Slack : 0.605
TNS   : 0.000

Type  : Slow 1200mV 85C Model Recovery 'clock_generator:inst|inst7'
Slack : -2.078
TNS   : -2.078

Type  : Slow 1200mV 85C Model Recovery 'inst3'
Slack : -1.468
TNS   : -1.468

Type  : Slow 1200mV 85C Model Recovery 'inst4'
Slack : -1.147
TNS   : -1.147

Type  : Slow 1200mV 85C Model Removal 'inst4'
Slack : 0.226
TNS   : 0.000

Type  : Slow 1200mV 85C Model Removal 'inst3'
Slack : 0.524
TNS   : 0.000

Type  : Slow 1200mV 85C Model Removal 'clock_generator:inst|inst7'
Slack : 0.532
TNS   : 0.000

Type  : Slow 1200mV 85C Model Minimum Pulse Width 'CLK'
Slack : -3.000
TNS   : -15.850

Type  : Slow 1200mV 85C Model Minimum Pulse Width 'clock_generator:inst|clock_divider_1024:inst|inst10'
Slack : -1.285
TNS   : -12.850

Type  : Slow 1200mV 85C Model Minimum Pulse Width 'clock_generator:inst|clock_divider_1024:inst8|inst10'
Slack : -1.285
TNS   : -8.995

Type  : Slow 1200mV 85C Model Minimum Pulse Width 'clock_generator:inst|inst7'
Slack : -1.285
TNS   : -1.285

Type  : Slow 1200mV 85C Model Minimum Pulse Width 'inst3'
Slack : -1.285
TNS   : -1.285

Type  : Slow 1200mV 85C Model Minimum Pulse Width 'inst4'
Slack : -1.285
TNS   : -1.285

Type  : Slow 1200mV 0C Model Setup 'CLK'
Slack : -2.045
TNS   : -5.666

Type  : Slow 1200mV 0C Model Setup 'clock_generator:inst|clock_divider_1024:inst|inst10'
Slack : -1.977
TNS   : -5.032

Type  : Slow 1200mV 0C Model Setup 'clock_generator:inst|clock_divider_1024:inst8|inst10'
Slack : -1.603
TNS   : -2.821

Type  : Slow 1200mV 0C Model Setup 'inst3'
Slack : -0.425
TNS   : -0.425

Type  : Slow 1200mV 0C Model Setup 'clock_generator:inst|inst7'
Slack : -0.165
TNS   : -0.165

Type  : Slow 1200mV 0C Model Setup 'inst4'
Slack : 0.297
TNS   : 0.000

Type  : Slow 1200mV 0C Model Hold 'clock_generator:inst|inst7'
Slack : 0.279
TNS   : 0.000

Type  : Slow 1200mV 0C Model Hold 'CLK'
Slack : 0.352
TNS   : 0.000

Type  : Slow 1200mV 0C Model Hold 'clock_generator:inst|clock_divider_1024:inst|inst10'
Slack : 0.353
TNS   : 0.000

Type  : Slow 1200mV 0C Model Hold 'clock_generator:inst|clock_divider_1024:inst8|inst10'
Slack : 0.356
TNS   : 0.000

Type  : Slow 1200mV 0C Model Hold 'inst4'
Slack : 0.398
TNS   : 0.000

Type  : Slow 1200mV 0C Model Hold 'inst3'
Slack : 0.580
TNS   : 0.000

Type  : Slow 1200mV 0C Model Recovery 'clock_generator:inst|inst7'
Slack : -1.772
TNS   : -1.772

Type  : Slow 1200mV 0C Model Recovery 'inst3'
Slack : -1.222
TNS   : -1.222

Type  : Slow 1200mV 0C Model Recovery 'inst4'
Slack : -0.946
TNS   : -0.946

Type  : Slow 1200mV 0C Model Removal 'inst4'
Slack : 0.208
TNS   : 0.000

Type  : Slow 1200mV 0C Model Removal 'inst3'
Slack : 0.469
TNS   : 0.000

Type  : Slow 1200mV 0C Model Removal 'clock_generator:inst|inst7'
Slack : 0.478
TNS   : 0.000

Type  : Slow 1200mV 0C Model Minimum Pulse Width 'CLK'
Slack : -3.000
TNS   : -15.850

Type  : Slow 1200mV 0C Model Minimum Pulse Width 'clock_generator:inst|clock_divider_1024:inst|inst10'
Slack : -1.285
TNS   : -12.850

Type  : Slow 1200mV 0C Model Minimum Pulse Width 'clock_generator:inst|clock_divider_1024:inst8|inst10'
Slack : -1.285
TNS   : -8.995

Type  : Slow 1200mV 0C Model Minimum Pulse Width 'clock_generator:inst|inst7'
Slack : -1.285
TNS   : -1.285

Type  : Slow 1200mV 0C Model Minimum Pulse Width 'inst3'
Slack : -1.285
TNS   : -1.285

Type  : Slow 1200mV 0C Model Minimum Pulse Width 'inst4'
Slack : -1.285
TNS   : -1.285

Type  : Fast 1200mV 0C Model Setup 'CLK'
Slack : -0.609
TNS   : -0.609

Type  : Fast 1200mV 0C Model Setup 'clock_generator:inst|clock_divider_1024:inst|inst10'
Slack : -0.589
TNS   : -0.589

Type  : Fast 1200mV 0C Model Setup 'clock_generator:inst|clock_divider_1024:inst8|inst10'
Slack : -0.473
TNS   : -0.473

Type  : Fast 1200mV 0C Model Setup 'inst3'
Slack : 0.058
TNS   : 0.000

Type  : Fast 1200mV 0C Model Setup 'clock_generator:inst|inst7'
Slack : 0.143
TNS   : 0.000

Type  : Fast 1200mV 0C Model Setup 'inst4'
Slack : 0.624
TNS   : 0.000

Type  : Fast 1200mV 0C Model Hold 'clock_generator:inst|inst7'
Slack : 0.155
TNS   : 0.000

Type  : Fast 1200mV 0C Model Hold 'CLK'
Slack : 0.180
TNS   : 0.000

Type  : Fast 1200mV 0C Model Hold 'clock_generator:inst|clock_divider_1024:inst|inst10'
Slack : 0.181
TNS   : 0.000

Type  : Fast 1200mV 0C Model Hold 'clock_generator:inst|clock_divider_1024:inst8|inst10'
Slack : 0.183
TNS   : 0.000

Type  : Fast 1200mV 0C Model Hold 'inst4'
Slack : 0.206
TNS   : 0.000

Type  : Fast 1200mV 0C Model Hold 'inst3'
Slack : 0.238
TNS   : 0.000

Type  : Fast 1200mV 0C Model Recovery 'clock_generator:inst|inst7'
Slack : -0.832
TNS   : -0.832

Type  : Fast 1200mV 0C Model Recovery 'inst3'
Slack : -0.239
TNS   : -0.239

Type  : Fast 1200mV 0C Model Recovery 'inst4'
Slack : -0.068
TNS   : -0.068

Type  : Fast 1200mV 0C Model Removal 'inst4'
Slack : 0.089
TNS   : 0.000

Type  : Fast 1200mV 0C Model Removal 'inst3'
Slack : 0.247
TNS   : 0.000

Type  : Fast 1200mV 0C Model Removal 'clock_generator:inst|inst7'
Slack : 0.259
TNS   : 0.000

Type  : Fast 1200mV 0C Model Minimum Pulse Width 'CLK'
Slack : -3.000
TNS   : -13.600

Type  : Fast 1200mV 0C Model Minimum Pulse Width 'clock_generator:inst|clock_divider_1024:inst|inst10'
Slack : -1.000
TNS   : -10.000

Type  : Fast 1200mV 0C Model Minimum Pulse Width 'clock_generator:inst|clock_divider_1024:inst8|inst10'
Slack : -1.000
TNS   : -7.000

Type  : Fast 1200mV 0C Model Minimum Pulse Width 'clock_generator:inst|inst7'
Slack : -1.000
TNS   : -1.000

Type  : Fast 1200mV 0C Model Minimum Pulse Width 'inst3'
Slack : -1.000
TNS   : -1.000

Type  : Fast 1200mV 0C Model Minimum Pulse Width 'inst4'
Slack : -1.000
TNS   : -1.000

------------------------------------------------------------
